ExtractRecordsStatisticsOptions.exportType	recordType
ExtractRecordsStatisticsOptions.splitClauses	false
ExtractRecordsStatisticsOptions.useEventTypeNames	true
ExtractRecordsStatisticsOptions.extractNoneEvent	true
ExtractRecordsStatisticsOptions.writePermutations	true
ExtractRecordsStatisticsOptions.countRepeatedRecords	false
ExtractRecordsStatisticsOptions.countSentenceNgrams	true
ExtractRecordsStatisticsOptions.countDocumentNgrams	true
ExtractRecordsStatisticsOptions.delimitSentences	true
ExtractRecordsStatisticsOptions.extractRecordTrees	true
ExtractRecordsStatisticsOptions.binarize	right
ExtractRecordsStatisticsOptions.markovOrder	0
ExtractRecordsStatisticsOptions.modifiedBinarization	true
ExtractRecordsStatisticsOptions.exportEvent3	false
ExtractRecordsStatisticsOptions.predInput	
ExtractRecordsStatisticsOptions.removeRecordsWithOneWord	false
ExtractRecordsStatisticsOptions.ruleCountThreshold	-2147483648
ExtractRecordsStatisticsOptions.modelOpts.stage2.numIters	0
ExtractRecordsStatisticsOptions.modelOpts.stage2.online	false
ExtractRecordsStatisticsOptions.modelOpts.stage2.incremental	false
ExtractRecordsStatisticsOptions.modelOpts.stage2.hardUpdate	false
ExtractRecordsStatisticsOptions.modelOpts.stage2.stepSizeOffset	2.0
ExtractRecordsStatisticsOptions.modelOpts.stage2.stepSizeReductionPower	0.5
ExtractRecordsStatisticsOptions.modelOpts.stage2.mixParamsCounts	false
ExtractRecordsStatisticsOptions.modelOpts.stage2.convexCombUpdate	false
ExtractRecordsStatisticsOptions.modelOpts.stage2.initTemperature	1.0
ExtractRecordsStatisticsOptions.modelOpts.stage2.finalTemperature	1.0
ExtractRecordsStatisticsOptions.modelOpts.stage2.smoothing	0.0
ExtractRecordsStatisticsOptions.modelOpts.stage2.useVarUpdates	false
ExtractRecordsStatisticsOptions.modelOpts.stage2.cfgThreshold	0.0
ExtractRecordsStatisticsOptions.modelOpts.stage2.alignmentModel	m1
ExtractRecordsStatisticsOptions.modelOpts.stage2.miniBatches	false
ExtractRecordsStatisticsOptions.modelOpts.stage2.miniBatchSize	30
ExtractRecordsStatisticsOptions.modelOpts.stage2.convergePass	1
ExtractRecordsStatisticsOptions.modelOpts.stage2.learningScheme	incremental
ExtractRecordsStatisticsOptions.modelOpts.inputPaths	
ExtractRecordsStatisticsOptions.modelOpts.inputLists	../branavan/winHelpHLA/winHelpRL.cleaned.objType.docs.all
ExtractRecordsStatisticsOptions.modelOpts.testInputPaths	
ExtractRecordsStatisticsOptions.modelOpts.testInputLists	
ExtractRecordsStatisticsOptions.modelOpts.examplesInSingleFile	true
ExtractRecordsStatisticsOptions.modelOpts.excludeLists	
ExtractRecordsStatisticsOptions.modelOpts.inputFileExt	events
ExtractRecordsStatisticsOptions.modelOpts.inputFileExt2	
ExtractRecordsStatisticsOptions.modelOpts.artificialDescriptionPath	
ExtractRecordsStatisticsOptions.modelOpts.treebankRules	
ExtractRecordsStatisticsOptions.modelOpts.fixRecordSelection	false
ExtractRecordsStatisticsOptions.modelOpts.fixNumSentences	false
ExtractRecordsStatisticsOptions.modelOpts.inputFormat	raw
ExtractRecordsStatisticsOptions.modelOpts.maxExamples	2147483647
ExtractRecordsStatisticsOptions.modelOpts.testMaxExamples	2147483647
ExtractRecordsStatisticsOptions.modelOpts.maxExampleLength	2147483647
ExtractRecordsStatisticsOptions.modelOpts.useTagsAsWords	false
ExtractRecordsStatisticsOptions.modelOpts.segChars	false
ExtractRecordsStatisticsOptions.modelOpts.segBoundary	||
ExtractRecordsStatisticsOptions.modelOpts.segPenalty	0.5
ExtractRecordsStatisticsOptions.modelOpts.maxExamplesForPhrases	2147483647
ExtractRecordsStatisticsOptions.modelOpts.modelType	event3
ExtractRecordsStatisticsOptions.modelOpts.K	5
ExtractRecordsStatisticsOptions.modelOpts.maxPhraseLength	5
ExtractRecordsStatisticsOptions.modelOpts.averageNumSentences	3
ExtractRecordsStatisticsOptions.modelOpts.alignmentModel	m1
ExtractRecordsStatisticsOptions.modelOpts.posteriorThreshold	0.5
ExtractRecordsStatisticsOptions.modelOpts.gmmVariance	1.0
ExtractRecordsStatisticsOptions.modelOpts.gmmGenRange	10.0
ExtractRecordsStatisticsOptions.modelOpts.fixBracketing	false
ExtractRecordsStatisticsOptions.modelOpts.fixPreTags	false
ExtractRecordsStatisticsOptions.modelOpts.collapseNonTags	false
ExtractRecordsStatisticsOptions.modelOpts.pK	5
ExtractRecordsStatisticsOptions.modelOpts.useCCMPotentials	false
ExtractRecordsStatisticsOptions.modelOpts.ccmDependsOnState	false
ExtractRecordsStatisticsOptions.modelOpts.removePunctuation	false
ExtractRecordsStatisticsOptions.modelOpts.alignAgreement	true
ExtractRecordsStatisticsOptions.modelOpts.fullPredForEval	false
ExtractRecordsStatisticsOptions.modelOpts.fullPredRandomBaseline	false
ExtractRecordsStatisticsOptions.modelOpts.fullPredRandom	1
ExtractRecordsStatisticsOptions.modelOpts.excludedFields	
ExtractRecordsStatisticsOptions.modelOpts.excludedEventTypes	
ExtractRecordsStatisticsOptions.modelOpts.takeOneOfEventType	false
ExtractRecordsStatisticsOptions.modelOpts.treatCatAsSym	false
ExtractRecordsStatisticsOptions.modelOpts.useOnlyLabeledExamples	false
ExtractRecordsStatisticsOptions.modelOpts.indepEventTypes	0,0
ExtractRecordsStatisticsOptions.modelOpts.indepFields	0,0
ExtractRecordsStatisticsOptions.modelOpts.indepWords	0,0
ExtractRecordsStatisticsOptions.modelOpts.newEventTypeFieldPerWord	0,0
ExtractRecordsStatisticsOptions.modelOpts.newFieldPerWord	0,0
ExtractRecordsStatisticsOptions.modelOpts.oneEventPerExample	0,0
ExtractRecordsStatisticsOptions.modelOpts.oneFieldPerEvent	0,0
ExtractRecordsStatisticsOptions.modelOpts.includeEventTypeGivenWord	false
ExtractRecordsStatisticsOptions.modelOpts.disallowConsecutiveRepeatFields	true
ExtractRecordsStatisticsOptions.modelOpts.useEventSalienceModel	false
ExtractRecordsStatisticsOptions.modelOpts.useEventTypeDistrib	true
ExtractRecordsStatisticsOptions.modelOpts.useFieldSetsOnEventTypes	
ExtractRecordsStatisticsOptions.modelOpts.useFieldSets	0,0
ExtractRecordsStatisticsOptions.modelOpts.minFieldSetSize	0
ExtractRecordsStatisticsOptions.modelOpts.maxFieldSetSize	2147483647
ExtractRecordsStatisticsOptions.modelOpts.eventTypeTracks	ALL
ExtractRecordsStatisticsOptions.modelOpts.jointEventTypeDecision	false
ExtractRecordsStatisticsOptions.modelOpts.includeEventTypeAsSymbol	false
ExtractRecordsStatisticsOptions.modelOpts.stemAll	false
ExtractRecordsStatisticsOptions.modelOpts.genLabels	0,0
ExtractRecordsStatisticsOptions.modelOpts.wordRolesPath	
ExtractRecordsStatisticsOptions.modelOpts.useWordRolesOnFields	
ExtractRecordsStatisticsOptions.modelOpts.noneEventTypeSmoothing	0.0
ExtractRecordsStatisticsOptions.modelOpts.fixedNoneEventTypeProb	NaN
ExtractRecordsStatisticsOptions.modelOpts.fixedGenericProb	NaN
ExtractRecordsStatisticsOptions.modelOpts.noneFieldSmoothing	0.0
ExtractRecordsStatisticsOptions.modelOpts.fieldNameSmoothing	0.0
ExtractRecordsStatisticsOptions.modelOpts.discountCatEmissions	false
ExtractRecordsStatisticsOptions.modelOpts.andIsPunctuation	false
ExtractRecordsStatisticsOptions.modelOpts.onlyBreakOnPunctuation	false
ExtractRecordsStatisticsOptions.modelOpts.dontCrossPunctuation	false
ExtractRecordsStatisticsOptions.modelOpts.limitFieldLength	false
ExtractRecordsStatisticsOptions.modelOpts.oneExamplePerLine	false
ExtractRecordsStatisticsOptions.modelOpts.kBest	1
ExtractRecordsStatisticsOptions.modelOpts.ngramModelFile	
ExtractRecordsStatisticsOptions.modelOpts.secondaryNgramModelFile	
ExtractRecordsStatisticsOptions.modelOpts.ngramSize	3
ExtractRecordsStatisticsOptions.modelOpts.ngramWrapper	srilm
ExtractRecordsStatisticsOptions.modelOpts.numAsSymbol	false
ExtractRecordsStatisticsOptions.modelOpts.allowNoneEvent	false
ExtractRecordsStatisticsOptions.modelOpts.conditionNoneEvent	false
ExtractRecordsStatisticsOptions.modelOpts.allowConsecutiveEvents	false
ExtractRecordsStatisticsOptions.modelOpts.reorderType	eventType
ExtractRecordsStatisticsOptions.modelOpts.modelUnkWord	false
ExtractRecordsStatisticsOptions.modelOpts.binariseAtWordLevel	false
ExtractRecordsStatisticsOptions.modelOpts.useStopNode	false
ExtractRecordsStatisticsOptions.modelOpts.posAtSurfaceLevel	false
ExtractRecordsStatisticsOptions.modelOpts.tagDelimiter	/
ExtractRecordsStatisticsOptions.modelOpts.inputPosTagged	false
ExtractRecordsStatisticsOptions.modelOpts.usePosTagger	false
ExtractRecordsStatisticsOptions.modelOpts.useGoldStandardOnly	false
ExtractRecordsStatisticsOptions.modelOpts.modifiedBleuScoreSize	4
ExtractRecordsStatisticsOptions.modelOpts.oracleReranker	false
ExtractRecordsStatisticsOptions.modelOpts.omitEmptyEvents	false
ExtractRecordsStatisticsOptions.modelOpts.useDependencies	false
ExtractRecordsStatisticsOptions.modelOpts.interpolationFactor	1.0
ExtractRecordsStatisticsOptions.modelOpts.outputPcfgTrees	false
ExtractRecordsStatisticsOptions.modelOpts.docLengthBinSize	5
ExtractRecordsStatisticsOptions.modelOpts.maxDocLength	90
ExtractRecordsStatisticsOptions.modelOpts.wordsPerRootRule	false
ExtractRecordsStatisticsOptions.modelOpts.connlWordPos	1
ExtractRecordsStatisticsOptions.modelOpts.connlTagPos	3
ExtractRecordsStatisticsOptions.modelOpts.connlHeadPos	6
ExtractRecordsStatisticsOptions.modelOpts.includeNegativeNgramsFeature	false
ExtractRecordsStatisticsOptions.modelOpts.includeBigramsFeature	false
ExtractRecordsStatisticsOptions.modelOpts.includeHasEmptyValueFeature	false
ExtractRecordsStatisticsOptions.modelOpts.includeHasConsecutiveWordsFeature	false
ExtractRecordsStatisticsOptions.modelOpts.includeHasConsecutiveBigramsFeature	false
ExtractRecordsStatisticsOptions.modelOpts.includeHasConsecutiveTrigramsFeature	false
ExtractRecordsStatisticsOptions.modelOpts.includeFieldNgramsPerEventTypeFeature	false
ExtractRecordsStatisticsOptions.modelOpts.includeNumFieldsPerEventTypeFeature	false
ExtractRecordsStatisticsOptions.modelOpts.includeHasEmptyValuePerFieldFeature	false
ExtractRecordsStatisticsOptions.modelOpts.maxNumOfWordsPerField	15
ExtractRecordsStatisticsOptions.modelOpts.lengthPredictionMode	gold
ExtractRecordsStatisticsOptions.modelOpts.lengthPredictionModelFile	
ExtractRecordsStatisticsOptions.modelOpts.averageTextLength	29
ExtractRecordsStatisticsOptions.modelOpts.lengthPredictionFeatureType	values
ExtractRecordsStatisticsOptions.modelOpts.lengthPredictionStartIndex	2
ExtractRecordsStatisticsOptions.modelOpts.lengthCompensation	0
ExtractRecordsStatisticsOptions.modelOpts.generateSemParParams	false
ExtractRecordsStatisticsOptions.modelOpts.debug	false
ExtractRecordsStatisticsOptions.modelOpts.trainStart	0
ExtractRecordsStatisticsOptions.modelOpts.trainEnd	2147483647
ExtractRecordsStatisticsOptions.modelOpts.testStart	0
ExtractRecordsStatisticsOptions.modelOpts.testEnd	0
ExtractRecordsStatisticsOptions.modelOpts.dontOutputParams	false
ExtractRecordsStatisticsOptions.modelOpts.forceOutputOrder	false
ExtractRecordsStatisticsOptions.modelOpts.jsonFormat	wunderground
ExtractRecordsStatisticsOptions.modelOpts.port	4444
ExtractRecordsStatisticsOptions.modelOpts.initType	
ExtractRecordsStatisticsOptions.modelOpts.initSmoothing	0.01
ExtractRecordsStatisticsOptions.modelOpts.initNoise	0.0010
ExtractRecordsStatisticsOptions.modelOpts.initRandom	1
ExtractRecordsStatisticsOptions.modelOpts.onlinePermRandom	1
ExtractRecordsStatisticsOptions.modelOpts.onlinePerm	false
ExtractRecordsStatisticsOptions.modelOpts.batchSizeNewCounts	1000
ExtractRecordsStatisticsOptions.modelOpts.stagedParamsFile	results/output/winHelp/alignments/model_3_docs_no_null_cleaned_objType/all/stage1.params.obj.gz
ExtractRecordsStatisticsOptions.modelOpts.generativeModelParamsFile	
ExtractRecordsStatisticsOptions.modelOpts.dmvModelParamsFile	
ExtractRecordsStatisticsOptions.modelOpts.outputIterFreq	1
ExtractRecordsStatisticsOptions.modelOpts.outputFullPred	false
ExtractRecordsStatisticsOptions.modelOpts.outputCurrentState	false
ExtractRecordsStatisticsOptions.modelOpts.outputExampleFreq	500
ExtractRecordsStatisticsOptions.modelOpts.outputNumParamsPerVec	2147483647
ExtractRecordsStatisticsOptions.modelOpts.computeELogZEntropy	false
ExtractRecordsStatisticsOptions.modelOpts.genNumExamples	0
ExtractRecordsStatisticsOptions.modelOpts.genMaxTokens	100
ExtractRecordsStatisticsOptions.modelOpts.genRandom	1
ExtractRecordsStatisticsOptions.modelOpts.genInitRandom	1
ExtractRecordsStatisticsOptions.modelOpts.genInitType	supervised
ExtractRecordsStatisticsOptions.modelOpts.artNumWords	100
ExtractRecordsStatisticsOptions.modelOpts.artAlpha	0.5
ExtractRecordsStatisticsOptions.modelOpts.numOutputParams	10
ExtractRecordsStatisticsOptions.modelOpts.numThreads	2
ExtractRecordsStatisticsOptions.modelOpts.stage1.numIters	0
ExtractRecordsStatisticsOptions.modelOpts.stage1.online	false
ExtractRecordsStatisticsOptions.modelOpts.stage1.incremental	false
ExtractRecordsStatisticsOptions.modelOpts.stage1.hardUpdate	false
ExtractRecordsStatisticsOptions.modelOpts.stage1.stepSizeOffset	2.0
ExtractRecordsStatisticsOptions.modelOpts.stage1.stepSizeReductionPower	0.5
ExtractRecordsStatisticsOptions.modelOpts.stage1.mixParamsCounts	false
ExtractRecordsStatisticsOptions.modelOpts.stage1.convexCombUpdate	false
ExtractRecordsStatisticsOptions.modelOpts.stage1.initTemperature	1.0
ExtractRecordsStatisticsOptions.modelOpts.stage1.finalTemperature	1.0
ExtractRecordsStatisticsOptions.modelOpts.stage1.smoothing	0.0
ExtractRecordsStatisticsOptions.modelOpts.stage1.useVarUpdates	false
ExtractRecordsStatisticsOptions.modelOpts.stage1.cfgThreshold	0.0
ExtractRecordsStatisticsOptions.modelOpts.stage1.alignmentModel	m1
ExtractRecordsStatisticsOptions.modelOpts.stage1.miniBatches	false
ExtractRecordsStatisticsOptions.modelOpts.stage1.miniBatchSize	30
ExtractRecordsStatisticsOptions.modelOpts.stage1.convergePass	1
ExtractRecordsStatisticsOptions.modelOpts.stage1.learningScheme	incremental
exec.create	true
exec.monitor	false
exec.execDir	statistics/winHelp/recordStatistics
exec.execPoolDir	
exec.actualExecPoolDir	
exec.overwriteExecDir	true
exec.useStandardExecPoolDirStrategy	false
exec.printOptionsAndExit	false
exec.miscOptions	
exec.addToView	
exec.recordPath	
exec.charEncoding	
exec.jarFiles	
exec.dontInitializeJars	false
exec.initializeJarsAfterDirCreation	false
exec.makeThunk	false
exec.thunkAutoQueue	false
exec.thunkPriority	0
exec.thunkMainClassName	
exec.thunkJavaOpts	
exec.thunkUseScala	false
exec.thunkReqMemory	1024
exec.dontCatchExceptions	false
log.maxIndLevel	10
log.msPerLine	1000
log.file	statistics/winHelp/recordStatistics/log
log.stdout	true
log.note	
log.forcePrint	false
log.maxPrintErrors	10000
